{"ringflip 0":{"iters":[0,1,2,3,4,5,6,7,8,9,10,11,12,13,14,15,16,17,18,19,20,21,22,23,24,25,26,27,28,29,30,31,32,33,34,35,36,37,38,39,40,41,42,43,44,45,46,47,48,49,50,51,52,53,54,55,56,57,58,59,60,61,62,63,64,65,66,67,68,69,70,71,72,73,74,75,76,77,78,79,80,81,82,83,84,85,86,87,88,89,90,91,92,93,94,95,96,97,98,99,100,101,102,103,104,105,106,107,108,109,110,111,112,113,114,115,116,117,118,119,120,121,122,123,124,125,126,127,128,129,130,131,132,133,134,135],"Mean":{"real":[0.06059103812512052,0.06988961380832819,0.06918448306636418,0.06593329698900287,0.0872725911527261,0.13024935617801287,0.12707230534484903,0.12527918893348539,0.1297615049246431,0.15112006429872213,0.1597457666159445,0.15391229238327991,0.13709210504522445,0.15419113708644153,0.15931189626349285,0.16766618127350913,0.16991933840108928,0.1693502891461591,0.15392158656141047,0.17501346231032527,0.17869761712116108,0.1652763753419641,0.17275138461522557,0.14998932023960074,0.18022805695755417,0.1630334609667763,0.16108440553068523,0.18604923069532334,0.1813317611459811,0.20657791012583224,0.17654145417650388,0.18186528732923574,0.17468430200921034,0.19108298452013697,0.17273855397724183,0.16957643939540037,0.18545647044243802,0.18703988805300406,0.16898303913905563,0.17511398509937426,0.17765429214313813,0.17909972261327037,0.2084061139713452,0.1793581652689782,0.19250335332906285,0.186332358015182,0.18511146303347897,0.18154692987524731,0.18571950938888024,0.17667253374825298,0.19918636874045334,0.18919156298832993,0.19824477950078892,0.17477270260415778,0.19825785058339193,0.18288049925279343,0.19164384390991537,0.1816313316405136,0.19794770604721248,0.18109246014883745,0.18566362453031449,0.17209579011886023,0.1947452484576372,0.1847585278506851,0.20092047453181733,0.16781823795558168,0.22036512813086273,0.18022401841233074,0.2021766119131488,0.17401568611072024,0.15883221364729072,0.21404734535375144,0.20543179347818774,0.18211794420568198,0.17718623098515707,0.1933935379899677,0.2060802861952657,0.1831941855036964,0.17567506259565235,0.19361595364046644,0.21285330225865134,0.15175651458858092,0.20422352268253668,0.17475941742028975,0.1773325537285656,0.17733512227641351,0.18596738372802818,0.16405144560071347,0.1731817773223395,0.1662511464732991,0.1931268757201508,0.1754508806270915,0.17812794794926712,0.18005513929369737,0.18321176849210608,0.2004920299113747,0.1991849126513142,0.16726455334534693,0.20608552023490703,0.17734746061461962,0.19962826081446008,0.17812860959953034,0.17648705937084236,0.16845137025328852,0.17593923279875331,0.18389095422130952,0.1618803902758587,0.16563212674959377,0.20195720169159204,0.19678925180791168,0.15878149740829947,0.1602845909531867,0.21304078586613118,0.17127777840200928,0.2045165020921876,0.17623068944742817,0.19392227634098733,0.15776438887725897,0.17298549017770723,0.21608820028610007,0.18582534963775288,0.15507167700190064,0.17395195979326603,0.16840567327899097,0.1645234106544097,0.1856757596911424,0.17770297651737924,0.17152797389714208,0.15870091326679958,0.17291599166346094,0.15781543827829692,0.1859057545185336,0.16231573002917182,0.1871260932288346,0.19283586220956542,0.20194993759622112],"imag":[-0.00004711751157735645,-0.0007117424869482254,0.00016514350650348323,-0.00024893920677512247,0.0002353817141241767,0.00021013141662634677,0.0004396518344245008,0.0004591456443861859,-0.00006199198389078399,0.0002637094083630801,0.0005569554977415727,0.00011250430513128874,-0.00023523230620526667,0.000271028412675232,0.0009960674802295092,0.0005476254675606863,-0.0006824955287492658,0.000757115414451567,0.000315340731967781,-0.0007790281861729856,0.0002969396339990364,-0.00030218379250420254,-0.0004442683156221214,0.0006298839423798854,0.001105111550725958,-0.0014739290808584208,0.00025680299919095766,-0.0010202511630204,-0.0005580970085920996,0.0000217133993416353,-0.0008697039586682641,-0.000573666145232398,-0.0015073635646295214,-0.0008440181998031272,0.00003434411730233999,-0.0014790115850668393,0.0016170879182838926,-0.001065592763448897,0.000294174117941424,0.0012500587209961374,0.00018216346116708225,0.0005512038816277863,0.00025187909347487513,-0.0005349906203893795,-0.001663314227159984,0.0014990290111576536,0.0013856087993491628,0.00046225171296888397,0.0005939811800002024,-0.0006411718906014761,0.00030547040668108916,0.0019117247652854154,0.0007384520557153925,-0.0029381988090267214,-0.0023683698514551754,0.0014490440489999478,-0.0001665049923171573,-0.0016124295267871543,-0.0003602843523070048,-0.0014680156198743112,-0.0015647042005445557,0.0016387662555191163,0.0012039309582601294,0.0001337199706377845,-0.000338525735967104,-0.0014765679524891202,-0.002342864639767512,0.0004288616044063423,0.00007349550817494363,0.0009386004278203776,-0.000017397880533765567,-0.0004199432966845453,-0.00040502458320858356,-0.003404070661333565,0.0017930586119700054,-0.0007320859724099753,0.000016938816740035794,0.0017009118488860884,0.00002787160662407518,-0.002370605018678771,0.0027724332911690237,-0.0014269383174756029,-0.0015093346088488632,-0.003078384311832386,-0.000170462805017378,-0.0010244060612352732,0.001212542341342634,-0.001331987449275717,0.0011418805632423658,-0.00038121424838072544,0.0013110339498259185,-0.0007810545434381253,-0.0008735666393061868,-0.00011182382635973206,-0.001670798713360567,0.0012937498505856755,-0.0005340867291399319,-0.003100725460538967,-0.0018195023864684213,-0.00104088366493373,-0.001455071808137318,-0.0003972901376927002,-0.0015388060750855268,0.0010230065131229726,-0.0003524943409603511,0.0015516924475306275,0.00037057047632595765,-0.0012531753030535229,-0.0015418471810161823,-0.000508454907285991,0.0010674766251291678,0.00021393805732659722,0.0006098461961663661,-0.00006729370272102892,0.0003870445667646092,0.0021108486132439585,-0.0013430886836977467,0.0015386481418581406,-0.0015786464033845074,-0.0013621962151864086,0.0009627314639741344,0.0020032765423269893,-0.0003169085244399301,-0.0000751489047958991,-0.0020283274733887903,-0.0006545364397284082,0.0016336666993091405,-0.001485323433335472,0.0004050286258252465,0.00035337977922470393,-0.0010500961453140953,0.0010647638360453354,-0.0018014726113270807,0.0002772921333876273,-0.000042744996319928383,-0.002515671174750522]},"Variance":[0.056998539691714714,0.0656681815609756,0.06447499906574426,0.06135388769406728,0.07995917144817938,0.11402248658405725,0.11135029599884554,0.10931605592249585,0.11312632719413115,0.1281678438327713,0.13482732766972927,0.13089007030025476,0.11896801704834296,0.13044307591773016,0.13524283411394425,0.14023734579286024,0.14107834424779667,0.14125815362765534,0.13014860171425047,0.14569545758824815,0.14784555372977098,0.1373675088785358,0.143138917824523,0.12763414436308024,0.14849892938486606,0.13716559845858028,0.13562583906591222,0.15248521963007702,0.15047357855069887,0.1646502494126449,0.1467422349856419,0.14846695525580902,0.14371444697736072,0.15471006572763416,0.14526774022918565,0.14434315696206945,0.15481273274289076,0.15418607605987938,0.14144125657250967,0.14456854559768087,0.1473328328680518,0.1468563382174591,0.16729858141598142,0.1456282771800313,0.15515940121010477,0.15156643810441353,0.15333535431270118,0.15197114691847216,0.1514498128674307,0.1454868024020771,0.15927201493530327,0.15480973166489492,0.16112183155294282,0.1474868271464531,0.16038030817258214,0.15050919250229935,0.15636178441471857,0.1481748534343499,0.15869314343503022,0.14933700810701128,0.15147556455802866,0.1440407926276701,0.1596148292133904,0.15112472706924848,0.1620981399534481,0.14245444116544448,0.1732569584927429,0.14869322845083285,0.16143202123016337,0.14521438998324512,0.13750425568726973,0.16957841235889992,0.16394847809875193,0.14912587134532423,0.14577553292770817,0.1570051643863526,0.1636491364382979,0.14983933191165416,0.1470967610860142,0.15663002429788744,0.17177579670850165,0.13011681202531197,0.16441483032053147,0.1437322457877829,0.15087544523590518,0.14681490416107273,0.15307370239578122,0.14058924011892304,0.14430409782026055,0.1400451219766293,0.15732995837936103,0.14787004122490796,0.14554639778525444,0.14806210223125504,0.15028092676489574,0.1686295476616794,0.16026939887080874,0.14080434661391872,0.16296066850435598,0.14452044353692228,0.1616072828507275,0.14785073948649635,0.14718236044781366,0.13963167161062112,0.1487578604970704,0.15028191081203068,0.13686857894417417,0.13846642865876196,0.16197693331797774,0.16005594440452597,0.1405039261641767,0.13558654828449535,0.16983504732054147,0.14286495992659187,0.16237831626074142,0.1473627581672146,0.156652216089823,0.13576776812478364,0.14552984757109547,0.16801946824927547,0.151697485067401,0.13185705798565642,0.14684686454478546,0.14248323676676375,0.14098062808027992,0.15129470532861924,0.14939846139355498,0.1423842804894453,0.13520033120324806,0.14410063264956616,0.13454459859593335,0.1518028836593384,0.13786875338809457,0.1530001375344403,0.157091563957492,0.17129812853503762],"Sigma":[0.007519718766621692,0.008071369494505922,0.00799770546619169,0.00780172750597246,0.008906434463318291,0.01063567328448662,0.01051030748793386,0.010413859427564691,0.010593795316152113,0.011276109201448312,0.01156534779043067,0.011395229713283876,0.01086387713649447,0.011375755509435306,0.011583154936702002,0.0117950986000533,0.011830413130952172,0.0118379498719285,0.011362907915838284,0.012022443363675544,0.012110828886546824,0.011673786470297605,0.011916496744731017,0.011252607473975704,0.012137560152404605,0.011665203924398319,0.011599544970289557,0.012299391020464494,0.012217992625644197,0.01278059080799605,0.01206555485972604,0.012136253379322327,0.01194042947838699,0.012388793648419879,0.012004783282339502,0.011966518973839421,0.012392903625091437,0.01236779596547145,0.011845619735462172,0.0119758580564474,0.012089810778944683,0.012070244890791145,0.012882966075279619,0.01201967126016396,0.012406771433010964,0.012262280777469155,0.012333629111346415,0.012278641077286717,0.012257562164868877,0.01201383141383941,0.012570121372711735,0.01239278350496313,0.01264290658266832,0.012096127346067218,0.012613780106847864,0.01221943841187012,0.01245475081532125,0.012124308744587366,0.012547257630362494,0.01217176214674582,0.012258604224695708,0.011953978908037304,0.012583641955115906,0.01224439971878824,0.012681153211723818,0.011887970826114284,0.013110373879741592,0.012145498073900748,0.012655070711476275,0.01200257867396209,0.011679595543969136,0.012970449180477683,0.01275332504491052,0.012163154717582664,0.01202574672332985,0.012480348218424328,0.012741677039077377,0.012192215994836076,0.01208012112829258,0.012465429349482998,0.013054213753980965,0.0113615200969765,0.012771450611219322,0.011941168857291868,0.012234296917574203,0.012068542020849076,0.012323101547169337,0.011809887912208623,0.011964899799105724,0.011787012036754375,0.012493250494408279,0.012111831796600938,0.012016291759278378,0.012119694970658304,0.012210168753826502,0.01293411063499666,0.012609417889604986,0.01181891923144929,0.01271484682823324,0.011973865536651255,0.012661938452219133,0.012111041281373932,0.01208363548258575,0.011769599982186926,0.012148137411003262,0.012210208730163378,0.01165256711549544,0.011720387738840888,0.012676411246925073,0.012601018178364558,0.011806304063468151,0.011597864655528282,0.012980260017410442,0.011905087611533399,0.012692107762898195,0.012091038518980734,0.01246631238713171,0.011605612700565994,0.012015608548086422,0.01291069248359779,0.01226758072209895,0.011437245009112466,0.012069855559983885,0.01188917227679644,0.011826315326703736,0.012251283757183476,0.012174266274359332,0.011885042974987811,0.011581334668406537,0.011956461718873443,0.011553215323941754,0.012271841706459187,0.011695065495012561,0.012320140045008077,0.012483781699204166,0.013036050766179568],"R_hat":[1.0133625094041472,1.0094426030015036,1.0031209485827972,1.0076249104760784,1.010564327003614,1.012412702520516,1.0111284297991983,1.0144059392075586,1.01079343391046,1.0092328435038178,1.0044414355097848,1.0085944521173036,1.0124827605043232,1.0164490702575184,1.0117396281332454,1.00699575571557,1.0136548293210055,1.0038337876004098,1.0103535019662295,1.016929501953426,1.0149912671930086,1.0074478194782674,1.0047892380844643,1.0048644960861999,1.0174014729730592,1.0255788660650225,1.0116024372566386,1.0119387135816187,1.0118176803041037,1.00623251200036,1.0108122344758712,1.0153422152281577,1.0094359476047343,1.013982162513646,1.0217788513439896,1.013297827221536,1.0144208209321697,1.008397760047449,1.016800436511548,1.0095063760083076,1.0127445273474933,1.0115480536108703,1.0115540143283064,1.0182234861396946,1.010113925636405,1.0097139265833301,1.0171288790959403,1.0185326952022047,1.0103558763146057,1.0179824589630881,1.023343452939689,1.0201280067565222,1.0186593690734924,1.0154581927959856,1.013069210761163,1.0159843424456203,1.0249447130335851,1.0132225076209564,1.0198187123107447,1.0246476331517724,1.008572052307254,1.007316364924144,1.0277423726871813,1.0208870788464388,1.028724904526409,1.0231404285870318,1.0223066328245725,1.0269849210405622,1.024002464976212,1.0091355510020228,1.0189850329387578,1.0175119710142748,1.0188631273858386,1.0173868173043517,1.0115324010821036,1.0205371288966139,1.0125962864056672,1.0135955357844884,1.0212617496338308,1.0171251753183026,1.0314246970671115,1.021670806242077,1.0220341764427914,1.0179108913993342,1.015003640375959,1.0192834668941175,1.0194955583868348,1.016304068718084,1.0138744668333708,1.0145958686089172,1.032947019428742,1.042635709474035,1.013965158398489,1.0181258267559012,1.015436126747536,1.025024394423533,1.0295908040989776,1.0122371129299585,1.0429354206419708,1.0285514680826613,1.0484978134982805,1.0192395354886972,1.0132379388619945,1.0184262765395091,1.018098558228169,1.0259045947749017,1.0185882709807923,1.020856081102475,1.0321394877749814,1.0249400777920927,1.0091896773510498,1.0238182673973713,1.030613902319794,1.025983703511103,1.0175988970025969,1.0110591645409814,1.0225745864395974,1.0232326233427431,1.014627519404656,1.038265471537069,1.0268031645348874,1.0177411164122487,1.0218271729672044,1.0157543572186971,1.024684465483549,1.0224902955029953,1.044658545426074,1.0291078251102834,1.0400708670766905,1.0219109940583158,1.0113536347613121,1.0342736309458787,1.0070534603442791,1.0255786683910824,1.04077482302403,1.040151695261435],"TauCorr":[3.552713678800501e-15,0.0,0.0,0.0,0.0,0.0,1.6653345369377348e-15,0.0,0.0,0.0,0.0,3.9968028886505635e-15,0.0,4.440892098500626e-15,3.219646771412954e-15,0.0,3.4416913763379853e-15,0.0,1.6653345369377348e-15,8.881784197001252e-16,0.0,1.6653345369377348e-15,0.0,2.55351295663786e-15,0.0,2.220446049250313e-16,0.0,0.0,0.0,0.0,4.107825191113079e-15,1.6653345369377348e-15,0.0,0.0,0.0,0.0,5.551115123125783e-16,2.55351295663786e-15,0.0,2.1094237467877974e-15,2.4424906541753444e-15,0.0,0.0,0.0,0.0,0.0,1.9984014443252818e-15,0.0,0.0,0.0,0.0,0.0,0.0,8.881784197001252e-16,2.220446049250313e-16,0.0,2.4424906541753444e-15,1.3322676295501878e-15,3.552713678800501e-15,0.0,1.9984014443252818e-15,3.552713678800501e-15,0.0,2.4424906541753444e-15,0.0,7.771561172376096e-16,1.7763568394002505e-15,0.0,2.9976021664879227e-15,5.773159728050814e-15,0.0,3.3306690738754696e-15,0.0,1.1102230246251565e-16,0.0,0.0,0.0,1.3322676295501878e-15,1.3322676295501878e-15,1.1102230246251565e-15,3.3306690738754696e-15,3.6637359812630166e-15,4.440892098500626e-15,3.9968028886505635e-15,0.0,0.0,2.886579864025407e-15,0.0,2.6645352591003757e-15,0.0,0.0,0.0,0.0,0.0,2.220446049250313e-15,2.886579864025407e-15,0.0,0.0,1.3322676295501878e-15,2.886579864025407e-15,6.661338147750939e-16,1.1102230246251565e-15,0.0,0.0,0.0,1.887379141862766e-15,2.1094237467877974e-15,2.220446049250313e-16,2.220446049250313e-16,0.0,1.3322676295501878e-15,1.6653345369377348e-15,0.0,1.4432899320127035e-15,0.0,3.4416913763379853e-15,0.0,0.0,0.0,3.6637359812630166e-15,0.0,0.0,0.0,2.220446049250313e-16,2.886579864025407e-15,2.220446049250313e-15,3.3306690738754696e-16,9.992007221626409e-16,6.661338147750939e-16,0.0,5.551115123125783e-16,0.0,0.0,7.771561172376096e-16,0.0,1.6653345369377348e-15]},"ringflip 1":{"iters":[0,1,2,3,4,5,6,7,8,9,10,11,12,13,14,15,16,17,18,19,20,21,22,23,24,25,26,27,28,29,30,31,32,33,34,35,36,37,38,39,40,41,42,43,44,45,46,47,48,49,50,51,52,53,54,55,56,57,58,59,60,61,62,63,64,65,66,67,68,69,70,71,72,73,74,75,76,77,78,79,80,81,82,83,84,85,86,87,88,89,90,91,92,93,94,95,96,97,98,99,100,101,102,103,104,105,106,107,108,109,110,111,112,113,114,115,116,117,118,119,120,121,122,123,124,125,126,127,128,129,130,131,132,133,134,135],"Mean":{"real":[0.06648797193025735,0.05474778753863542,0.07623487313420214,0.09095927552384213,0.10030545829420864,0.0954540513172027,0.09850253802782806,0.13134915187627572,0.1423696746235509,0.15215962378079603,0.1492937171223173,0.14360685272172755,0.1470211944683017,0.15648954481291716,0.16291133432301183,0.15712757516190817,0.15024528112484772,0.16761459558647063,0.18131540703258148,0.17573065872625834,0.17990762119780007,0.15520066780365083,0.16802042822599575,0.1630073155815053,0.15357220842054964,0.180821834258255,0.16052398516864586,0.18205230652074178,0.19527383863490427,0.17402396462041161,0.1800732611207598,0.16663464163076414,0.185373345707813,0.17434706650929663,0.19577010904500314,0.19696660984492428,0.1663914337691712,0.1959411186177898,0.19810177170209553,0.17498300911948422,0.19659126610005948,0.17606152062953181,0.2062186991911486,0.16997851787181714,0.1927952677773197,0.16913030385041536,0.2261566306418765,0.17604127102568193,0.19989674265091867,0.172859065156925,0.16627380717398496,0.16279699685367993,0.19536902421950647,0.20141991367051884,0.172114281338387,0.19285030240929227,0.19260738192868243,0.18946452571203037,0.19423053108202087,0.1794000742293318,0.2009578082918432,0.20915821948206645,0.19238336482559673,0.1866217651234179,0.1957293842894815,0.18165375092003205,0.1853112503104362,0.1845171604454381,0.18232723551958233,0.20414322536732507,0.16477277754025518,0.1920363147345771,0.18888723801534718,0.18105243839312243,0.19919205569231596,0.2102120933535865,0.18504349703749884,0.1608846253477297,0.18177702694636766,0.1790135194075245,0.16978673534350458,0.18318402048454013,0.2176626320305801,0.19629461508769705,0.1909847952421455,0.17444267366327246,0.16142048665501602,0.19070964575404856,0.1749197398287866,0.19242945770092698,0.1809404151374985,0.19881884099851574,0.19076574338917882,0.18755703335898885,0.197814384474654,0.19663716322833183,0.19954093648728186,0.213023130889724,0.20359342763306928,0.20357901095840564,0.21966753134496556,0.187336962233661,0.14820446566252216,0.1950339286510662,0.19507197029353301,0.17242286850296148,0.1872543596687961,0.1687780884284254,0.18197737190532853,0.1741442110600651,0.17762178115192265,0.18178310300268297,0.19550277609999295,0.18736643076775897,0.15867110532112294,0.18810751583958316,0.1820936840902563,0.13605522380396737,0.2003454034157129,0.17133635958777582,0.17050907425297412,0.1557899224696453,0.160532569360503,0.1769361018805296,0.1492772664632489,0.17760305756267458,0.18590543905363138,0.15905389887196789,0.18345510587359934,0.14023479213251855,0.1706275942441104,0.20740414845621882,0.16960718519603857,0.17358458472329935,0.15419574362731728,0.14718262139709953],"imag":[0.00001745092148744267,-0.00047443359970843186,0.00023203469674395208,-0.0004132467951893176,-0.00018594424831938823,-0.0007339704909136904,0.00007347851850292585,-0.00022549954194346256,-0.0009021574757025377,0.00018498396691599134,-0.00004698318597956087,-0.00038332290312328103,-0.0007450864123968314,0.00013267212641597206,-0.0007536752491008844,-0.0002316565960661441,-0.0012531174410806334,0.0009591961751073123,-0.00032493833635048743,-0.0008819654282879036,0.00019853891094943722,-0.0014849966377900221,-0.00030430870187019227,-0.001324881492009656,-0.0004797103916314075,-0.0011706314333995833,0.00010665592804402635,-0.0008404006568581054,-0.000484661728292664,-0.00006795631793037759,-0.0006467645321576891,-0.00011149631967495764,0.0023630706322612543,-0.0007026936157377999,0.0008360527013557417,0.0002535813571208084,0.0006832351731402962,0.0015107201560132651,0.0009030802015915136,0.00046099316568366257,0.00028264284837626263,-0.0003145489213250787,-0.0009579968541577321,-0.0002964627916198782,0.00025922182044577167,0.0014545251410538263,0.002280850203498302,-0.002221986035166649,0.0003858980680460671,7.570489008206676e-6,0.0012008536965219137,0.0008244317321995633,0.0002783277399018407,0.0010239174646036247,0.0005799108393701153,0.00007240825173374519,-0.0005518916161996045,0.00047317088629537273,0.0006911868809174105,0.0005875571314576812,0.000559028781747573,-0.0007436791413149256,0.00023669981430611507,-0.0007297039637753194,0.002210523703096358,-0.0011246817467277517,-0.0013102812285191014,-0.0013786033903143119,0.000061015466273734864,-0.00028469210180820544,0.00010790850392418051,0.0010658955231128459,0.0014112101442795319,0.00022171021163940112,-0.0005830030824299639,-0.00031322095428689095,-0.0007619371807395395,-0.001315318205599177,0.001430008547900524,0.0010693383784789526,-0.0007368586656696537,-0.00013393582151025184,-0.0005782205219968779,-0.002742753983846908,-0.0004738936652392146,0.005704734605002234,0.00010915472452190094,-0.0015869876901176217,-0.0021124592530801763,0.0018600681402633,-0.0016312547061847578,0.00022025527078178335,-0.0021748341620911045,0.0005786319154382058,0.0008455685422404807,0.0011893683532613485,-0.00021283509716256096,0.0005723305989006186,-0.0006955542985174203,-0.0003508924276652741,-0.001344823728110871,-0.0006035332649105573,0.0010196386921367344,-0.0004974835770245033,-0.004721835389340546,-0.0008883532115328933,0.0012180192294090385,-0.00035414477754902097,-0.0004884746227843268,-0.00104050476541667,-0.0009405240891360892,-0.0033445748813328157,0.0012548353560491309,0.00200947198559211,0.0023449570810740064,-0.001010119742663655,0.001756399318532042,0.0005355273477592677,0.0008437184799468167,-0.0005724598781422834,0.001490456188846116,0.0014150428728153589,-0.0003249718869893164,0.000697272175371329,-0.001379035932154763,0.0000381228283954608,0.00041856628798459807,-0.0024442512906767667,0.0019291033239079716,0.0018847416155132204,0.0006221974196783889,0.0028504477143087206,0.000570682956590073,-0.0009058123503512147,0.0018172321325164243,-0.0007380810065503345]},"Variance":[0.06209068236320944,0.052108265076521554,0.07069543485672675,0.08284968785775539,0.08991592334071115,0.086008059846706,0.08842911027930167,0.11398737544383977,0.12315395049007925,0.12999995963609318,0.12700799824601902,0.12317022234292156,0.1262407290562094,0.1324329839788466,0.1373154745076846,0.13245507296666253,0.12783615005962803,0.14021747947115437,0.15008345131564393,0.14598491133257432,0.14791817219860165,0.13244376637136765,0.13928430659004123,0.13773891702534258,0.13087688551620333,0.14864459695117807,0.13457737271877745,0.14993235108409775,0.15809931941506347,0.14462699074248814,0.14854969790992095,0.14123637821991614,0.1527681369731223,0.1466716353031257,0.15872143336585987,0.15994510103783396,0.14106848926463447,0.1604440459504443,0.16065821912644723,0.14552760232709197,0.16071889664434508,0.1451871908680589,0.16705202589174808,0.1413064604703871,0.1555053698585454,0.14197753692086584,0.17892464325330124,0.1454125693515154,0.16193524545194135,0.1442528324125101,0.1397344326678656,0.13841533471945658,0.15746910230182318,0.16148121864787798,0.14364786875727736,0.15683807496622126,0.15598060870256655,0.15317811632794476,0.1580535062794536,0.14686376707334323,0.16003191125123084,0.16478741969913654,0.15706066854236203,0.15381815659373327,0.15846465027574544,0.15106435726618142,0.15304951944486975,0.15389240423777942,0.15335333605063378,0.16379672798562472,0.13836164440332363,0.15396651700844927,0.1539046356012697,0.14715827596256273,0.15875906153893485,0.16472921064323132,0.15319220996639366,0.1372422350479586,0.14913858603505223,0.14580686421884873,0.1416202994538632,0.1510351691380733,0.17315114424194666,0.15882415551472873,0.15443353830872752,0.14681927485747814,0.1361522402123399,0.15650626560877692,0.14342796553012238,0.15595742009210256,0.14968178270361338,0.16191128812494612,0.15580094751133935,0.15457251008969233,0.1576280173005502,0.15754323043260718,0.16113273777920223,0.16894024086192133,0.1617315440585015,0.16284835804471287,0.17191720842821726,0.15127376500002504,0.12730557512304566,0.15708066344796806,0.16930823232515282,0.14499947973211982,0.1526329297176597,0.1401065252137557,0.15058140562891714,0.14508140375882803,0.14698704519930586,0.15225088701381626,0.15922530983591443,0.15516882050809747,0.1339686618110879,0.15660926061248992,0.1507786459958637,0.11733433258457848,0.16168085087951672,0.14260023227267524,0.14324170204167258,0.13236022688361762,0.13613706701540654,0.14801312246238885,0.12675185536306288,0.14833782589429834,0.15014186571449595,0.1353391163197674,0.15537009222972736,0.12416525219107899,0.1425313355772698,0.16606837630422291,0.1409214319524989,0.14449484950186545,0.1335118127528547,0.12497348734306683],"Sigma":[0.007848432911725167,0.007189903157705515,0.00837462596041827,0.009065988674851495,0.009444697184213922,0.009237177934690297,0.009366284852797951,0.010634035627830442,0.011053349636404407,0.011356417301450974,0.011224972082813398,0.011054079830350172,0.011191015079435079,0.011462195625203894,0.011671575264481138,0.011463151496374405,0.01126150866625375,0.011794263111042343,0.012202143779399516,0.012034379955991615,0.012113802807169735,0.011462662228663155,0.01175495110944141,0.01168955734907041,0.01139465576819235,0.01214351176257328,0.011554622379468717,0.012195999827393347,0.012523759935090101,0.011978278569253084,0.012139634757829146,0.011837037407360453,0.012310795727392647,0.012062652059372427,0.012548375968636614,0.012596654138065436,0.011829999918850132,0.012616286319927613,0.01262470411119745,0.012015515858931826,0.012627087940043018,0.012001454560821162,0.012873469468734862,0.011839973843948469,0.012420595809239305,0.011868055066955499,0.013323085468542373,0.012010766059697784,0.012674779883343593,0.011962774287898447,0.011773930067483618,0.01171822513510133,0.012498773840727336,0.012656998920537302,0.011937663352047682,0.012473705477503622,0.012439560577595103,0.012327303719467938,0.012521945271101979,0.012070550178860114,0.012600072091757659,0.012785913461104715,0.012482554037534241,0.012353031108725843,0.012538221338019798,0.012241953838983988,0.012322128092140434,0.012356012137829041,0.012334352276547764,0.012747421462946686,0.011715952206901891,0.012358987034715087,0.01235650315580238,0.012082646776988186,0.012549863305512055,0.012783655031155434,0.012327870812763358,0.011668462236313553,0.012163673230704048,0.012027038990698333,0.011853114730874621,0.012240771108043703,0.01310636978005181,0.012552435872928256,0.012377716885850853,0.012068721660446865,0.011622033680785876,0.012460503697269233,0.011928522471093241,0.012438635889428711,0.01218580453015868,0.01267384227066645,0.012432394461844444,0.01238328486858798,0.012505079019751453,0.012501715375656933,0.012643334470264854,0.012946020442573251,0.012666805452658456,0.012710464616159552,0.013059585986512107,0.012250435892796537,0.011238114317612197,0.012483348569828636,0.012960112507057472,0.011993693768411636,0.012305346694001906,0.011789595780366664,0.012222369455553748,0.011997081480362475,0.012075615154041519,0.012289936803771266,0.01256827819952712,0.012407148017680628,0.011528461235714854,0.012464603081234062,0.012230371624577093,0.010789027190752436,0.01266482015361177,0.011894052480021126,0.01192077443526971,0.0114590465961387,0.011621386066325593,0.012117690173513255,0.011213647410945625,0.012130974468764023,0.012204518163600374,0.011587277348410056,0.01241519215556691,0.011098640172634924,0.011891178852462839,0.012835512195377374,0.011823832199815084,0.011972805226095107,0.011508787737695205,0.011134704049453487],"R_hat":[1.0146519623808932,1.0078195848231146,1.004924865077887,1.005612420794212,1.0085690502609974,1.009304537927128,1.0084867526465207,1.0070324673789037,1.0176968746068389,1.008983692201709,1.0178134120349673,1.0031843993216885,1.0108858484168894,1.0135447142443201,1.0125911570046113,1.0091100753935929,1.008851123846609,1.0093115551797418,1.016405734268976,1.0094916614328113,1.0019530799066907,1.0153707485204586,1.0116992613569467,1.0034395628292123,1.0166701022896325,1.0183382328860215,1.024530482365324,1.01793840343796,1.010940055643383,1.0119655082822019,1.0164858784834347,1.0224003320829629,1.0163247216400249,1.023717305300354,1.0115756064694688,1.0164783095224958,1.014891298240062,1.0078153198355502,1.0236785932231254,1.015054026850174,1.0206689719083872,1.0138231915311244,1.0213286030510063,1.0103561134726229,1.0188006071736664,1.0085960201148245,1.0060594695592513,1.0165353250247136,1.0081074185070567,1.0104934554730876,1.0187433533010968,1.0139636547456723,1.010412782784928,1.0190206815432836,1.0126636176679529,1.0179367620859379,1.0281327182272568,1.0214031965081265,1.014550651179116,1.029872609329556,1.0268475125619336,1.0281412231427836,1.0141122703077694,1.0106297218624587,1.0377302021227028,1.0090713874634143,1.0189964400207183,1.0194042608098213,1.0217606817553722,1.025610600744321,1.0113030920461739,1.021262757810381,1.017954437870873,1.0166228643446638,1.020326966606731,1.0182788406032717,1.0154185082912695,1.007374378594578,1.0146360951299997,1.0107851674837829,1.0106052091401792,1.0317203782575592,1.019848805794848,1.0116269506553313,1.0229414064628222,1.0070344876467994,1.0059182139631582,1.016435181786988,1.0105571824305106,1.0067629023632376,1.0093484383633504,1.0215554303820122,1.0117540125866642,1.022599673048948,1.0113485071433073,1.0202734544060885,1.037880206340945,1.0214283568886418,1.031081987601228,1.0440557206340937,1.0401200614627564,1.0170524171989104,1.0123382063969748,1.028913447563134,1.0099246751367288,1.0136852077156788,1.0331077445485242,1.0189209246521602,1.029022466154935,1.0284058307868005,1.024824446847641,1.0451941417466368,1.0236580219739528,1.00881517888915,1.0076866745991984,1.0140357368584374,1.0136294316100822,1.016839145514199,1.0136557677227371,1.0110545356122416,1.027539265876164,1.0246513692351995,1.0179375653319271,1.0161265096666579,1.0157074852504528,1.0408323832011466,1.040804380648991,1.0339067462738267,1.0713948856156685,1.03168810259366,1.0350257087918635,1.0685693899765476,1.0547777663145357,1.047664080240479,1.0104903917820487,1.046205312253289],"TauCorr":[1.3322676295501878e-15,0.0,1.2212453270876722e-15,2.886579864025407e-15,0.0,1.887379141862766e-15,3.885780586188048e-15,0.0,0.0,0.0,2.6645352591003757e-15,0.0,0.0,8.881784197001252e-16,0.0,0.0,4.551914400963142e-15,0.0,0.0,0.0,0.0,2.55351295663786e-15,0.0,3.885780586188048e-15,2.55351295663786e-15,0.0,0.0,0.0,0.0,1.9984014443252818e-15,1.6653345369377348e-15,1.887379141862766e-15,0.0,1.1102230246251565e-16,0.0,0.0,0.0,0.0,2.6645352591003757e-15,6.661338147750939e-16,0.0,0.0,4.440892098500626e-16,0.0,0.0,1.9984014443252818e-15,1.1102230246251565e-15,0.0,0.0,0.0,4.218847493575595e-15,0.0,0.0,8.881784197001252e-16,0.0,0.0,2.886579864025407e-15,0.0,0.0,0.0,0.0,3.3306690738754696e-15,2.220446049250313e-16,1.2212453270876722e-15,0.0,0.0,0.0,1.887379141862766e-15,3.4416913763379853e-15,3.3306690738754696e-15,3.4416913763379853e-15,1.2212453270876722e-15,0.0,0.0,0.0,0.0,0.0,0.0,2.6645352591003757e-15,0.0,0.0,9.992007221626409e-16,8.881784197001252e-16,0.0,2.220446049250313e-16,0.0,0.0,1.887379141862766e-15,3.552713678800501e-15,0.0,1.2212453270876722e-15,0.0,8.881784197001252e-16,1.6653345369377348e-15,0.0,4.107825191113079e-15,3.552713678800501e-15,0.0,1.5543122344752192e-15,8.881784197001252e-16,0.0,2.6645352591003757e-15,1.4432899320127035e-15,4.107825191113079e-15,0.0,0.0,2.1094237467877974e-15,0.0,1.7763568394002505e-15,0.0,0.0,2.55351295663786e-15,0.0,0.0,0.0,4.6629367034256575e-15,0.0,0.0,2.4424906541753444e-15,5.10702591327572e-15,0.0,5.551115123125783e-16,2.9976021664879227e-15,3.1086244689504383e-15,2.7755575615628914e-15,2.220446049250313e-15,2.4424906541753444e-15,4.551914400963142e-15,0.0,0.0,0.0,0.0,7.771561172376096e-16,3.3306690738754696e-15,0.0,1.5543122344752192e-15]},"ringflip 2":{"iters":[0,1,2,3,4,5,6,7,8,9,10,11,12,13,14,15,16,17,18,19,20,21,22,23,24,25,26,27,28,29,30,31,32,33,34,35,36,37,38,39,40,41,42,43,44,45,46,47,48,49,50,51,52,53,54,55,56,57,58,59,60,61,62,63,64,65,66,67,68,69,70,71,72,73,74,75,76,77,78,79,80,81,82,83,84,85,86,87,88,89,90,91,92,93,94,95,96,97,98,99,100,101,102,103,104,105,106,107,108,109,110,111,112,113,114,115,116,117,118,119,120,121,122,123,124,125,126,127,128,129,130,131,132,133,134,135],"Mean":{"real":[0.05449833696605576,0.06514018784664398,0.0760990308863976,0.09327678592243895,0.08957252313776544,0.10929224729972793,0.13290850858782954,0.13632993472332733,0.12939811208126592,0.15088933028454937,0.1571667518269112,0.14808216792286658,0.1598996703788836,0.15569573128783198,0.15356239015322212,0.16068000022445225,0.16035258087935336,0.15282353082446049,0.1420195483339411,0.18094614966363495,0.15956533003560028,0.14859175080915754,0.1622007405421523,0.17356988711706553,0.17979951765616772,0.18838077377352047,0.19520218722940505,0.20171256781093608,0.19132069306144864,0.19586495529186368,0.20538352065189663,0.18203181866207074,0.19511592098033828,0.15852493406503865,0.1815536759142646,0.1718984345399084,0.16771732752774082,0.19021900885463466,0.19273491625978206,0.19204082276653808,0.18593905048901022,0.16341281337118635,0.19665683906706244,0.18801675301528167,0.17389016936543936,0.17860774635809826,0.1925001057367677,0.16422066988603015,0.18646769180475853,0.18479730339153239,0.16382360289810652,0.216582754909741,0.1967177366700625,0.21923005299057924,0.18620101217402074,0.18071329530479444,0.1605346433077637,0.18430457989441243,0.17305989216637763,0.1851089932331069,0.1666873539369909,0.20453091312835936,0.17049814715784575,0.1494561435306789,0.16442986461983874,0.17805329015260976,0.21709722566447057,0.19932683689352038,0.20158518659268845,0.20538726824177786,0.17167580037936458,0.19785481092967766,0.18306634460286436,0.19689527410296143,0.17922863969751823,0.22645977200341985,0.19518473851706206,0.19959730378365084,0.1785804864070206,0.19382613753123812,0.14618963850650418,0.20666476750250345,0.1911240408767902,0.17664142516127265,0.18292058848779014,0.18497480436019875,0.18696460510051063,0.20669645212053922,0.19973845233369278,0.14534372408579366,0.20031036421561915,0.18417614003980523,0.16742631937524777,0.18806209809042054,0.17850762512223317,0.18268767904646602,0.19631525792893373,0.13526766215686797,0.19892230614577266,0.18316465584334973,0.20282325617961916,0.19184867956528354,0.16498629696783979,0.17176973356019945,0.1851671305738474,0.19879540228124942,0.17934057410644036,0.1696631614806739,0.18084779395551565,0.1594282233461666,0.16279800762232335,0.18450703183687966,0.21460745862149794,0.19139779128560933,0.1629870366386269,0.19779413603661936,0.19658051115213424,0.17999019836162333,0.17321741130727644,0.22360903553637793,0.15170695736210943,0.17289834000814144,0.1877653049470576,0.1722416638511981,0.1837576879228426,0.1866856790155236,0.17806608439727423,0.18643738892844858,0.15702528365658786,0.19257982385641134,0.17167204970513722,0.19238741371534387,0.18422351814726895,0.16805087913666708,0.18649473141882122,0.16488800292457584],"imag":[0.000036798753009964145,-0.000011052620286243237,0.000341919111897871,-0.0005130331385257715,-0.0001559070365954858,-0.00040069199383565435,-0.00009792368025767802,-0.0001434033064476854,0.00022620939410140337,-0.00019143967397424169,0.0004523641262624417,-0.0003867186031634937,-0.00029813792163560184,4.590270605360114e-6,-0.000592985599723374,-0.000237088316100561,-0.001564675706053946,-0.00005264391816464873,0.00015135582071984394,0.0006983486584140568,0.00011721439360802603,-0.0008661917747152725,-0.00048519149553250706,0.00001627880165512376,-0.0005539712515533159,-0.000042254828800666707,-0.0006394957726966867,0.000045738232058402775,-0.000698866169440799,-0.0007519308886072818,0.00017646391540529073,-0.0009298276037456037,0.0015078768624079912,0.0005435738528946629,0.00008275541564508762,-0.0005761910173316196,-0.0012136423146930843,-0.0014787574912677411,-0.0018217944221150886,-0.00040889286809196447,-0.0005522240268086556,0.000027176716011676655,0.001259375435845026,-0.00030000693076121725,-0.0007765326218662005,0.000757207941498566,0.0007163847199986002,-0.0011303038991701537,-0.00020704985558750466,-0.0004587373096189632,-0.0017672709677781298,-0.0005900080466398598,-0.00011631634922176274,0.0000930768492776715,-0.0010133384019187126,-0.0004586205505155385,-0.0010876423121219617,-0.0003796518678306063,0.0007047471919897658,0.0010122922749798671,0.00022222185877209097,-0.0008435316024496028,0.00020051443700610635,-0.0010777882652258247,0.0014992041987037623,-0.0016045016067959236,-0.003065063986126135,0.0011124544383395228,0.0004151413719104892,0.0023026152442136745,-0.001400200761164956,0.0006431087769686454,-0.00012554282267620095,-0.001121556006567494,0.00017577700059236823,-0.00012511443779645155,-0.0006839622537389823,-0.0004021793733928715,0.0013948258012294334,-0.0012344509186328582,-0.001475567763989978,-0.0003172108950631412,-0.001615110339177002,-0.0011053493028091914,0.0009634928218433008,-0.0010795569389574955,-0.00197498597479045,-0.0006098467842975188,-0.004194421029936961,-0.0012699619854981974,0.0015785292743265792,0.0015870754209624416,-0.0013897343715294028,0.0013463029758029909,0.0011389299092305837,-0.0007233592704594173,0.00011915677357796133,-0.00016170228677478106,0.0006516937695647567,0.0003600996457190409,0.0014279905203345854,0.00047607053033092635,-0.00017687090669565357,-0.00042421946655943457,-0.0009209070056014141,-0.0004623188190463049,0.0003546721899493504,0.00030083281170524876,0.00044207040848167625,-0.0008254469657298961,0.00043642593948181406,0.0009453030580234796,-0.0006230462890357253,-0.0019208843039773404,0.00018936251301732848,0.0008273148917971481,0.00013298522012140834,0.0016881861298329894,0.001501512820467327,0.0005303447885437438,-0.00048191203497047956,0.004444587731082283,-0.001656649905244749,0.00021166247522910476,-0.0004954095123725274,-0.0022627875447823256,-0.0008493344235895692,0.0003242972159296317,0.0005829271269718134,0.0004228533438957328,-0.0010956175402761972,-6.661524130184661e-6,0.0015901023522864246,-0.00006910078393818474,-0.0002550713860239566,0.0006950597768471362]},"Variance":[0.05146632681770676,0.0607460818790692,0.07041409350038842,0.08398618642825806,0.08218037993623971,0.09695742444683793,0.11561401888648563,0.11861127424719904,0.1125477632498043,0.12868770299932963,0.13346163330006808,0.12588444720687064,0.13518739870658972,0.1310077170586722,0.1302639704454628,0.1354710836334308,0.13514449892906533,0.1303095978752361,0.12163948339659379,0.1494207671420501,0.13479154598454932,0.12701731098920535,0.1362262008783554,0.14459627316720866,0.14889550281769012,0.15291449060730072,0.1570464535406487,0.16166106435624805,0.1557904726539637,0.15730662553837577,0.16490793932224448,0.14798521087684172,0.15833540257670672,0.1322878377444676,0.15120272008594038,0.14329688460421908,0.1400943315118492,0.15490031114969507,0.15762731967949703,0.15598167738380195,0.1498341503743276,0.1353618260819848,0.1603595662707448,0.1531364267313553,0.1450254035663958,0.14802749744301752,0.15785299314788476,0.14048793027769288,0.1530423809334292,0.15806218701659208,0.14019263530249737,0.16934748313878262,0.15996681115335273,0.171983626186695,0.15588889770102035,0.14917782940671387,0.1383418338867095,0.15173642696396702,0.1461620906295315,0.14988035686322254,0.14000983441883214,0.16264528181020463,0.14268663061888176,0.1269675367786861,0.13893259912141653,0.1526235064272167,0.1701063263016095,0.16454952568577955,0.16352327489862126,0.1653503624833689,0.14444217428611397,0.1586912848158217,0.15333135619173802,0.1594937175714323,0.14748008066933282,0.17587800204719098,0.157454586971685,0.16269771766772645,0.14757741248597442,0.15554580655615918,0.12493052132471627,0.16547346180909545,0.15849511273695807,0.14787225356008146,0.1501535217437809,0.15195507795855562,0.15556445946788694,0.16765557649101306,0.16642417005612112,0.12440995575277006,0.16068386788655956,0.15094977575519072,0.13920547916538925,0.15409526614578709,0.14614044816101052,0.14758815296602762,0.15838843674929987,0.11768890657430052,0.15997334329103816,0.14819468662813262,0.1613477477136181,0.15518802894645325,0.13805562959487647,0.14118546289360978,0.15015853519432013,0.1645336792292273,0.14763307078239216,0.14382731641908464,0.1486708471001065,0.13417278086848247,0.1385399606278482,0.14971122153771785,0.16984076952689556,0.15822026568204417,0.13637042723325327,0.15951762218262378,0.15896309712654588,0.15428619305030308,0.14419249086340966,0.17301536273837012,0.1278616407659269,0.15698497856785074,0.15323834648316476,0.14475109615943396,0.15010733587478822,0.15266594044957227,0.1453696350767106,0.15084332324075903,0.13149509400397258,0.1563176187907303,0.14100020929876847,0.15725551501733945,0.1516480959109703,0.14027694804163476,0.15090000549617547,0.13888613626842916],"Sigma":[0.007145478563851086,0.0077629871903877315,0.008357945410714277,0.009127958665173373,0.009029294252523301,0.009807544090046813,0.010709642725507824,0.01084757645411068,0.010566670574667106,0.011298954465929363,0.011506624786972171,0.011175212046870995,0.011580780752774824,0.011400349699570298,0.01136794305977035,0.011592925269448032,0.011578943109832589,0.011369933804446525,0.010985175950854114,0.012175175072160083,0.011563813030746816,0.011225383605581896,0.01162518991474651,0.011977006458110836,0.012153756311439933,0.012316691257760361,0.012481989148998783,0.012664045168742864,0.01243197652552933,0.012492324053446802,0.01279058818635878,0.012116547572482482,0.012533107052823213,0.011455912633671045,0.012247558879138202,0.011923070399116178,0.011789082735223545,0.01239640849604787,0.012505051347589441,0.012439603191552961,0.012192005185806059,0.011588249474143464,0.01261296441366347,0.012325626080051,0.011994765870995384,0.012118278592058317,0.012513999824794852,0.011805631990878784,0.012321840725416306,0.012522289136370964,0.011793218192663914,0.012961614694737058,0.012597509011191702,0.013062108435184351,0.01243590303223708,0.012165273460949236,0.011715113436246139,0.012269155211631721,0.012041680698192949,0.012193884951952358,0.011785526940140505,0.012702537000154045,0.011897655106891487,0.011223183947319202,0.011740100487042247,0.012304966832834588,0.012990622621447642,0.01277668098800408,0.012736776324077612,0.012807734304677573,0.011970622699906893,0.012547184153204502,0.012333468314566111,0.012578866976643949,0.012095850686852285,0.013209168970381371,0.012498197765779866,0.012704584445789806,0.012099841452702202,0.01242221059344655,0.011132789823342112,0.01281250094111859,0.012539426422959802,0.012111922400928447,0.012204991893760746,0.012277991907325266,0.01242295540121922,0.012896704101342785,0.012849254581867548,0.011109571330684114,0.012625711825232235,0.012237310229862455,0.011751624303694683,0.012364153341132661,0.012040789149151968,0.0121002817495576,0.012535205848488851,0.01080531663734268,0.012597766213991286,0.01212512013637635,0.01265176707157355,0.012407915937943373,0.011702988934238904,0.01183490360530387,0.012205195647264942,0.012776065762910072,0.012102122943700262,0.01194511740339284,0.012144583967438704,0.011537240464177572,0.011723499355175512,0.012187002799696051,0.012980478685765073,0.012528549368851262,0.01163134223790235,0.01257980958950328,0.012557925196647304,0.012371810678096666,0.01196027198751298,0.01310122990176337,0.011262631390541638,0.012479545906784191,0.012329727050106327,0.01198341678887733,0.012203114676683561,0.01230667729330546,0.012008992789330744,0.012232994482492345,0.011421535892637141,0.0124529917196062,0.011827136594231865,0.01249029444706351,0.012265583540713231,0.011796763917710345,0.012235292657102102,0.011738137217875044],"R_hat":[1.0087168794332173,1.0047876117882724,1.010785073072636,1.0185408893737729,1.0116504211370148,1.0011004961746828,1.0143924878880248,1.0098483292330462,1.0046622769106548,1.0079079548155196,1.0069217782314857,1.0100783694275586,1.0028124679251968,1.0072462804310318,1.013975934362801,1.0062492467821813,1.0121615552931675,1.0086766248666537,1.0088750801457924,1.018200972997585,1.0117153938623453,1.0109736862024756,1.0177253333706162,1.010981089724977,1.008839351198707,1.0110059002750564,1.027156308159963,1.0055613617596424,1.0062176655931676,1.0070865699347842,1.0146959724781985,1.0136427771947703,1.0179643015541773,1.0088141449379127,1.0145293158153494,1.013012949833073,1.0209899802692595,1.015354167607371,1.0165865717158333,1.0273967388473075,1.017314723400233,1.0164742431338687,1.0164849502258368,1.0345039928433688,1.0228497867364736,1.0326697108560703,1.017812512228048,1.0216962441535937,1.0221256404495667,1.0113135728443639,1.013557839634717,1.013246119220283,1.0145551070374226,1.0257363232985584,1.018685724083902,1.022151877262607,1.0195841841023783,1.027467177665801,1.0065977435125344,1.0219655369239975,1.0149132302594732,1.025442211916418,1.0081024413139825,1.015613056823911,1.0079665201817214,1.020930319109327,1.0382512803369954,1.0244311952607648,1.0241269445581114,1.0081622178947376,1.0142231696951247,1.0273860926665541,1.01228844156705,1.0181234163345785,1.0110713737788097,1.039886142438633,1.0072374208915023,1.0155435494106837,1.0231288467805466,1.013597456453875,1.0210319905806338,1.0444405611808916,1.0284690179907605,1.0253090988839721,1.0083109820593545,1.0282317185405545,1.0211468343485963,1.0480680248255658,1.021008376139519,1.0186722440117957,1.0124380286326158,1.0243190515345062,1.0064485999248378,1.0214217329480297,1.0158558141436602,1.0080722946516927,1.0271930058051622,1.0243659032181174,1.0299780231282705,1.0331154819585897,1.0282534808737405,1.0178345533570559,1.018959442728908,1.024178292335502,1.0117206457746446,1.0128163661981318,1.0302594161671803,1.005813658520522,1.0228646604877805,1.0203078701406996,1.0127057861037163,1.0533765637773251,1.0212211610145587,1.0166194713790648,1.0254852478433611,1.0228404298735023,1.0227078221878647,1.017263007418195,1.025895268336351,1.029050464063703,1.0165145863440692,1.0228377712938823,1.0197645612504296,1.0148340061119658,1.026261216090513,1.0202903794406886,1.0326915176325173,1.016535056143777,1.0307883582752546,1.0321883495733752,1.0160648415521352,1.0515717604356563,1.0334449460772925,1.0151317678760585,1.0271100485547644,1.0281266443640038],"TauCorr":[2.55351295663786e-15,0.0,0.0,3.1086244689504383e-15,0.0,0.0,5.218048215738236e-15,0.0,0.0,2.3314683517128287e-15,0.0,8.881784197001252e-16,3.1086244689504383e-15,1.2212453270876722e-15,0.0,0.0,6.661338147750939e-16,0.0,0.0,6.661338147750939e-16,4.107825191113079e-15,4.6629367034256575e-15,0.0,3.552713678800501e-15,0.0,5.662137425588298e-15,1.5543122344752192e-15,0.0,0.0,1.2212453270876722e-15,1.4432899320127035e-15,0.0,1.4432899320127035e-15,0.0,8.881784197001252e-16,0.0,8.881784197001252e-16,0.0,0.0,0.0,0.0,4.9960036108132044e-15,0.0,0.0,0.0,0.0,1.7763568394002505e-15,6.661338147750939e-16,0.0,3.6637359812630166e-15,0.0,0.0,0.0,0.0,2.1094237467877974e-15,0.0,0.0,0.0,0.0,0.0,0.0,5.551115123125783e-16,0.0,9.992007221626409e-16,0.0,0.0,1.9984014443252818e-15,0.0,0.0,0.0,1.6653345369377348e-15,0.0,0.0,7.771561172376096e-16,3.6637359812630166e-15,0.0,6.661338147750939e-16,0.0,1.3322676295501878e-15,0.0,0.0,0.0,0.0,0.0,0.0,0.0,1.1102230246251565e-15,0.0,5.551115123125783e-16,3.3306690738754696e-15,0.0,2.4424906541753444e-15,0.0,0.0,0.0,0.0,3.552713678800501e-15,0.0,3.885780586188048e-15,0.0,4.6629367034256575e-15,1.5543122344752192e-15,4.107825191113079e-15,0.0,0.0,3.774758283725532e-15,0.0,1.9984014443252818e-15,3.3306690738754696e-16,0.0,0.0,0.0,0.0,3.552713678800501e-15,0.0,6.661338147750939e-16,2.220446049250313e-16,3.1086244689504383e-15,1.3322676295501878e-15,0.0,2.6645352591003757e-15,0.0,0.0,2.3314683517128287e-15,0.0,1.3322676295501878e-15,2.7755575615628914e-15,0.0,1.1102230246251565e-15,0.0,0.0,2.7755575615628914e-15,0.0,0.0,2.1094237467877974e-15,0.0]},"ringflip 3":{"iters":[0,1,2,3,4,5,6,7,8,9,10,11,12,13,14,15,16,17,18,19,20,21,22,23,24,25,26,27,28,29,30,31,32,33,34,35,36,37,38,39,40,41,42,43,44,45,46,47,48,49,50,51,52,53,54,55,56,57,58,59,60,61,62,63,64,65,66,67,68,69,70,71,72,73,74,75,76,77,78,79,80,81,82,83,84,85,86,87,88,89,90,91,92,93,94,95,96,97,98,99,100,101,102,103,104,105,106,107,108,109,110,111,112,113,114,115,116,117,118,119,120,121,122,123,124,125,126,127,128,129,130,131,132,133,134,135],"Mean":{"real":[0.05761638426001759,0.06154620910140682,0.07023744382562061,0.11184920996242477,0.08887614272524509,0.10512694615713607,0.11556526232656565,0.12124302045875392,0.14035387778395797,0.15764443862204458,0.1384208812451503,0.14311435310769013,0.1414767900084427,0.14591277479817583,0.15853977714581907,0.16288567554721559,0.17026681303526647,0.15759125662692253,0.17002853019217265,0.161788298846297,0.17645975190621824,0.1840350483056914,0.18510616690420212,0.2071132498702856,0.17739087989865934,0.19972190039742713,0.17082425129384995,0.16099144124263637,0.16674689826112618,0.17021323898211274,0.18494089671737618,0.18988802230099167,0.19190677565348177,0.17055690139904534,0.17026993403484186,0.17128903606116214,0.17286020059769613,0.17683827713731048,0.15745188197865267,0.20762419264428614,0.18836967151054243,0.1767307842774489,0.191216030559515,0.17363279521095107,0.19057273784157064,0.20790068697190134,0.18650037284592083,0.17844597757699013,0.18178245220884928,0.18177732261978152,0.17966353131458895,0.216796877472084,0.18991138677553146,0.20296640067917826,0.17379001987103615,0.20763527305523638,0.22427756369892285,0.16267846071246808,0.1887242273808615,0.18140635767810315,0.19167342068327878,0.17102268289411615,0.2031370337983962,0.2035531994563892,0.1922920997374329,0.19852105844830836,0.17177108922940987,0.17360885029559459,0.1903606812899864,0.18548106938579859,0.15655781264931715,0.19795765935662477,0.20763844756414732,0.1514940197952167,0.18942294431387877,0.19917073872324387,0.18308943344801115,0.1796002454973925,0.2096152576479114,0.18659443337373222,0.19798720473796277,0.2059470812688343,0.16087347500677324,0.193098839301517,0.15994554625371,0.18279993664024002,0.15253828096986208,0.21450047529442748,0.18284729329720043,0.1714276467530698,0.17382838964471625,0.19754074550572387,0.20049966135804984,0.20879411090586208,0.20511746510124085,0.18540525182084552,0.18964878800613139,0.18107183645487077,0.1644755519074112,0.18146714419394397,0.1689124743097277,0.1987627148689974,0.14864369343386502,0.17806665559953372,0.19419476406990746,0.18629022102012077,0.20915973469226806,0.19839829727053174,0.167760189189172,0.20192310164433294,0.17646274385532787,0.1709971667405116,0.1913755388262491,0.15901958394797996,0.17351177033519208,0.1569033828648373,0.17246914028885293,0.16512130024271826,0.17472760202184395,0.18072830121817476,0.15096543410666166,0.18134906626869776,0.188390932491057,0.18883079871353053,0.1647740009243816,0.16352467426808376,0.16156609607097247,0.17902957378102125,0.1779011557753836,0.1688433168306269,0.15653607018798096,0.16858870660426276,0.17848869989458777,0.15483612257433546,0.1980550306043738,0.1737398705579404],"imag":[0.000042347537643555205,-0.00009492626040333791,0.00036245439875845736,0.00023938960374816337,0.00014603220766302012,0.0010830980630950064,0.00013730347534202927,-0.0004156130189625691,0.0006038032302318952,-0.00023939083344615928,-0.00012199787510096141,-0.0004983366372246394,0.00011570360770641442,-0.0003256811237411826,-0.0008452700949777437,0.00038402748071117264,-0.00040168066665143514,0.0005937397799386123,2.1036199602731733e-6,0.0002098833520229722,0.00034275183296314944,-0.001776721473566428,0.00020932738417153365,-0.00018488745127011379,0.0007264210989274414,-0.0012846348436438794,0.0004508276967507091,0.00025833393894322896,-0.001736290832087689,-0.00033555231981905164,-0.0005814623448866846,-0.0006899214632936319,-0.0008758296721163806,-0.001161740936839471,0.0007746383946168725,0.0001804388934328854,-0.000470868619905346,-0.0009020984152808663,-0.0008503106809926093,0.0010652854713602683,-0.0008170838845523997,0.000058118335365240835,-0.0003570340554526621,-0.002018433182937167,0.0007544675885318579,-0.0013398684977982583,0.0010485600817554041,0.000984769922711383,0.0000816433772390258,-0.001597937251210117,-0.0008637233049835947,-0.0002044222647601496,0.0011765760540567213,-0.0014779956284933617,-0.0017889872623746486,-0.0007970169555225537,0.0011884586817518161,-0.001381629500040381,0.000619222419655364,-0.0010654420483201808,-0.000394220121665254,0.00010968301559719504,0.002096663403116066,-0.00025297942127139523,-0.0011473655600592655,0.0002753491328429108,-0.001106303388945188,0.00006702358502880624,0.0008494555123013951,-0.0008369861837368611,0.0010950458670797262,-0.001350448795462506,0.000051872836892609426,-0.004063781733408305,-0.0010174897199588225,-0.00014315129917292352,0.00011015816479942848,0.00014758127982062602,-0.001618794149516212,-0.0013694624328598813,-0.002729309589798543,0.0008691485324907324,-0.0008450808699356657,-0.0006901033484532651,0.0004951848042160249,-0.000567543889971083,-0.00006274808762896602,-0.000987700521760194,-0.000494343153808869,-0.0002463660181264884,0.0025290489254153996,0.00029007743705919436,-0.0020078809370008455,-0.00017576461586557563,-0.0005734752736016956,0.002047691384351321,-0.0007910104637741878,-0.0012094748385749617,-0.0010547405237133537,0.0006458935830434974,-0.0012809924449367722,-0.0025283541777461594,-0.0020211203480912715,0.0004770730792860884,0.0003853313947454167,0.0007380725031776633,-0.00033405804196515496,-0.0015121775433401716,-0.00020449449132469328,-0.00020801946682025713,-2.382191769065201e-6,0.0019391177304324298,0.0009505237764768607,0.00019348358584725414,0.0010248078953006895,-0.0005866852333550591,-0.0017481460898971786,0.0002471544610786328,-0.0008168445254593307,-0.0008401388518298638,-0.0005478537435871174,0.0003190440312672107,-0.0005057798557858582,-0.0005306938973202707,-0.000524160359068832,-0.00023626926159205092,-0.00013306801130433718,0.0008027819075771074,0.0001353234286904737,-0.0014933764453238928,-0.0008272849947186957,-0.0008620951507876458,-0.0023704901964943306,0.0001911178637506589,0.0003387231380581355,0.0003799422119236329]},"Variance":[0.054376957476804384,0.05796131271113858,0.0654846783177301,0.0996036188889343,0.08088103471655128,0.09449280217070422,0.10210085148948798,0.10711297825412591,0.12056480990664223,0.13422369462106754,0.11928840658454574,0.12336448675876358,0.12286696326487169,0.12520592090591515,0.13378231831539053,0.13541592282265202,0.1416059888619971,0.13339567558965482,0.14222089219887415,0.1367007672770474,0.1462372246902397,0.15064079299718663,0.15154730731062452,0.1663499658075881,0.145723407302701,0.15948473688756942,0.14283176324121638,0.1345925813393903,0.13796458616074134,0.14193869099403544,0.15259301084289653,0.15366330160967942,0.1561704769609503,0.1419669438526456,0.14027953048850572,0.1439809892260977,0.14263489071988436,0.14538796263856832,0.13471523998069296,0.1643267189548196,0.1537753057120243,0.14665550579649092,0.15361725425306405,0.14537989842381732,0.1552908478541055,0.16592669295573567,0.15491985838372385,0.1487382746166443,0.1470591636709224,0.14817036317885235,0.1477014267848377,0.16792361016357704,0.15553663868566314,0.16393003298230172,0.14604591319590526,0.1654627717738681,0.17383310771726798,0.13524395799759187,0.167878279431149,0.14883008970473133,0.15629561037934844,0.14284293113392293,0.16258690940205658,0.1630939834019009,0.15779947716722448,0.16124433346593808,0.14285866638903894,0.14348673441185728,0.15536385600912378,0.1558630944899177,0.13168425654260404,0.15902597863010798,0.16531944541629676,0.12740885328159657,0.15308740876271473,0.160642781794077,0.1495475745991932,0.1481680823632738,0.16955580627484926,0.15251872334191463,0.15698669348452787,0.16481412598597991,0.1371399922558946,0.15387361735724414,0.1351075840034719,0.14991211006160562,0.12782785101737085,0.17070867426297961,0.15005956670635912,0.14397955116409433,0.14384459943754804,0.15733373756752841,0.15857181396346007,0.16735577812461408,0.16421027410297903,0.15094847306112782,0.15432892013267277,0.14899772585723584,0.14239620684696103,0.15121161642503594,0.14153925017649163,0.15888589645172355,0.12765616973513683,0.14573624933965,0.1568933036198979,0.15213239141162846,0.1672241254632013,0.1597174704726637,0.13999449024679816,0.16383498331551952,0.14715111296499592,0.1388378633171749,0.15552939720173495,0.13573136341043204,0.15588342624641954,0.13933717331839454,0.14194543591565564,0.13927002377386624,0.14647448085031414,0.14575239212051724,0.13041125749291382,0.14930268316605874,0.1534411100576561,0.15581103047917944,0.1387890521258774,0.136623763788831,0.13484138139969964,0.14870149148041803,0.14534770695791094,0.14489468810526163,0.13293242165547253,0.1403790203524107,0.1479252391907272,0.13077298269412874,0.16099302378950922,0.14329168020638156],"Sigma":[0.0073447528428278045,0.00758296131420938,0.008060084282967582,0.009940478558757435,0.008957629247887525,0.009682089614144986,0.01006431951357459,0.01030838858658852,0.010936541790527571,0.011539429240800442,0.010878495907015503,0.011062793658498703,0.01104046324371339,0.011145053751370995,0.011520440698355078,0.01159056483854175,0.011852515842956629,0.011503781106733618,0.011878221876998307,0.0116454214416064,0.012044775290385104,0.012224779390565866,0.012261506877353957,0.012846389686745396,0.012023596480425816,0.012578512829723082,0.011903704373793391,0.011555275256323176,0.01169912941751304,0.011866431369475135,0.012303737448486382,0.012346811393914789,0.012447129336963635,0.011867612315711904,0.011796872504246799,0.011951497101300662,0.011895497794445722,0.01200974978587041,0.011560539408237699,0.012768027985779688,0.012351310326350107,0.012061988775106877,0.012344961307979057,0.012009416709656103,0.01241202565287571,0.012830035636747643,0.01239719063732335,0.012147337655621813,0.012078577211381825,0.012124125037112103,0.012104924338422213,0.012907009068672258,0.012421844505479734,0.012752607614700083,0.01203689406145669,0.012812087073248013,0.013132154426378129,0.01158320306528292,0.012905266836996306,0.01215108631014523,0.012452115042318392,0.01190416973489976,0.01270025736373935,0.012720046647250781,0.012511878370744698,0.012647711909024022,0.01190482538508831,0.011930966046612215,0.01241494299354054,0.012434873775133012,0.011429748177253975,0.01256040873891449,0.012806536859186037,0.011242671920248607,0.012323653246017995,0.012624097555129419,0.012180340269733919,0.01212403172223089,0.01296958462221008,0.01230074214361255,0.012479614070385432,0.01278694949419304,0.011664115037967623,0.012355257916039948,0.011577361598859522,0.01219517656331066,0.011261143115299799,0.01301360224975625,0.012201172802818855,0.011951437416210043,0.011945835074723304,0.012493400542312086,0.012542460185443388,0.012885168127087388,0.012763503357593632,0.012237257425856274,0.012373523646609614,0.012157927628648302,0.01188554072060631,0.012247919179647916,0.011849722477515586,0.012554875438391887,0.0112535783433933,0.012024126265144137,0.012475901517346679,0.012285153294924304,0.01288009898503456,0.012587687297540343,0.011784881113693349,0.012748909979686878,0.012082352709182266,0.011736097115867388,0.012421555333632038,0.011604056634104005,0.012435684790024482,0.011757181751444638,0.01186671331232706,0.011754348392185266,0.012054542088795793,0.012024792185467833,0.011374368004984294,0.012170363233534548,0.012337881644346292,0.012432796748889053,0.01173403390621401,0.011642141048931087,0.011565950531886691,0.012145835537875222,0.012008087013679013,0.011989359043049702,0.011483788679524974,0.011801055086019422,0.012114092180426878,0.011390131776195427,0.012637851928966465,0.01192285388022464],"R_hat":[1.0080946095658112,1.0053345165413952,1.015429734321229,1.014644618678164,1.002604083955466,1.0101662011250483,1.004145042390362,1.0105476550388155,1.0066703209869312,1.0110095339228786,1.021031243079691,1.0092625257681849,1.0075668148233006,1.0120781364521065,1.012387056585586,1.0063360180312797,1.009436783697871,1.0042754959613391,1.0029733302127248,1.0125479801661947,1.0168506510559798,1.0172527911765645,1.0089743174026191,1.0087645008746042,1.0238420201260168,1.0135403929812612,1.0118333372405939,1.0122326409852076,1.0293897139961539,1.0141934200977405,1.0092069107801367,1.0201564138655264,1.003694586159928,1.0094392364872813,1.0106973101783976,1.0134038301259094,1.0265446627789236,1.0205873052562044,1.0101964468061262,1.027174886488349,1.0307538008458168,1.0130339838675937,1.0144713563797112,1.0096467681041654,1.0162406569000064,1.0176137700843475,1.0166589887032722,1.0076643012987172,1.0209192776166383,1.0119316677982746,1.024306585246715,1.009017216729516,1.0341655101900926,1.0246174391891842,1.0094113556839255,1.0222625855216028,1.0249893158665964,1.0044108913060632,1.0376391017355346,1.0302150441756388,1.0147445845397247,1.010129697959727,1.0209737614993237,1.0011739518424256,1.033752024239755,1.019170830723458,1.0154480718180219,1.016191486274569,1.0178772992844092,1.0192470700489695,1.01585120605394,1.0183923961826775,1.0251297146505483,1.0206509802340091,1.0079809163150006,1.0148069915574505,1.0118152068214383,1.0072894282728169,1.0251592439988406,1.015120536892916,1.0285593205853478,1.0629228618856488,1.0268523150379247,1.021193347995538,1.0405809640202253,1.043904503440741,1.0188571225635579,1.0440250792496648,1.0406100478243205,1.0121350019869806,1.0229282143115168,1.0243988168300406,1.02708874687119,1.0106095792602394,1.0169968547141588,1.0439495208105252,1.0375556668440553,1.015860027728702,1.0141712071322702,1.0191645393665658,1.0156051048863302,1.0202110466482497,1.0133493861851541,1.0211044500940143,1.0092441915102246,1.019876154416524,1.0629302532133922,1.020736789907322,1.0247810197047997,1.0195683941927458,1.0271953445158237,1.0257519960205723,1.0255742149735443,1.0224050550483041,1.0214006407527727,1.009962047945956,1.025142250048909,1.0152038057734136,1.0094988885070173,1.0139002542884616,1.0133180107087973,1.0408389385504881,1.0200147339967802,1.016458431750575,1.0201468260819422,1.0284377370631363,1.0189866443864388,1.0333968674742984,1.017837523668476,1.032737881859754,1.0107474931167602,1.0303411569384613,1.0224230052436796,1.0210531883843637,1.0245946933200498,1.0294291331338363],"TauCorr":[5.10702591327572e-15,0.0,0.0,0.0,0.0,3.552713678800501e-15,4.107825191113079e-15,0.0,5.995204332975845e-15,8.881784197001252e-16,0.0,0.0,4.107825191113079e-15,4.551914400963142e-15,1.1102230246251565e-16,0.0,3.885780586188048e-15,0.0,2.220446049250313e-15,0.0,0.0,4.440892098500626e-15,3.552713678800501e-15,5.551115123125783e-16,0.0,0.0,3.219646771412954e-15,0.0,0.0,0.0,0.0,0.0,0.0,0.0,2.220446049250313e-16,0.0,0.0,0.0,0.0,0.0,3.1086244689504383e-15,0.0,0.0,0.0,1.2212453270876722e-15,1.5543122344752192e-15,0.0,2.886579864025407e-15,1.5543122344752192e-15,1.4432899320127035e-15,6.661338147750939e-16,3.4416913763379853e-15,1.5543122344752192e-15,2.6645352591003757e-15,0.0,1.9984014443252818e-15,1.887379141862766e-15,1.5543122344752192e-15,7.771561172376096e-16,1.1102230246251565e-15,1.887379141862766e-15,0.0,2.3314683517128287e-15,2.55351295663786e-15,0.0,0.0,0.0,0.0,1.4432899320127035e-15,3.1086244689504383e-15,3.3306690738754696e-16,9.992007221626409e-16,0.0,2.886579864025407e-15,0.0,0.0,1.887379141862766e-15,1.4432899320127035e-15,7.771561172376096e-16,1.4432899320127035e-15,8.881784197001252e-16,2.220446049250313e-16,0.0,0.0,4.551914400963142e-15,0.0,0.0,5.551115123125783e-16,4.6629367034256575e-15,0.0,4.773959005888173e-15,2.220446049250313e-15,0.0,3.3306690738754696e-15,0.0,2.220446049250313e-16,5.551115123125783e-16,4.9960036108132044e-15,0.0,2.886579864025407e-15,0.0,1.887379141862766e-15,3.885780586188048e-15,5.551115123125783e-16,0.0,0.0,3.885780586188048e-15,2.220446049250313e-16,0.0,4.440892098500626e-15,2.6645352591003757e-15,1.7763568394002505e-15,0.0,3.9968028886505635e-15,4.6629367034256575e-15,9.992007221626409e-16,1.1102230246251565e-15,3.774758283725532e-15,0.0,1.7763568394002505e-15,0.0,3.3306690738754696e-16,7.771561172376096e-16,8.881784197001252e-16,2.220446049250313e-16,3.1086244689504383e-15,0.0,0.0,1.1102230246251565e-15,4.551914400963142e-15,4.884981308350689e-15,9.992007221626409e-16,0.0,3.219646771412954e-15,1.1102230246251565e-16,0.0]},"acceptance":{"iters":[0,1,2,3,4,5,6,7,8,9,10,11,12,13,14,15,16,17,18,19,20,21,22,23,24,25,26,27,28,29,30,31,32,33,34,35,36,37,38,39,40,41,42,43,44,45,46,47,48,49,50,51,52,53,54,55,56,57,58,59,60,61,62,63,64,65,66,67,68,69,70,71,72,73,74,75,76,77,78,79,80,81,82,83,84,85,86,87,88,89,90,91,92,93,94,95,96,97,98,99,100,101,102,103,104,105,106,107,108,109,110,111,112,113,114,115,116,117,118,119,120,121,122,123,124,125,126,127,128,129,130,131,132,133,134,135],"value":[0.9959214154411765,0.9595013786764706,0.88671875,0.8043428308823529,0.7386259191176471,0.6773897058823529,0.6310891544117647,0.5876034007352942,0.5565257352941176,0.5288373161764706,0.49649586397058826,0.47409237132352944,0.46484375,0.44542738970588236,0.4284811580882353,0.41452205882352944,0.40877757352941174,0.3913143382352941,0.3915441176470588,0.38172104779411764,0.3708065257352941,0.3678768382352941,0.3561006433823529,0.35305606617647056,0.34725413602941174,0.3464499080882353,0.3375459558823529,0.3371438419117647,0.33059512867647056,0.3310546875,0.31916360294117646,0.3141659007352941,0.31853170955882354,0.3098575367647059,0.3082490808823529,0.30428538602941174,0.30842141544117646,0.2997472426470588,0.30026424632352944,0.29279641544117646,0.29084329044117646,0.30388327205882354,0.28797104779411764,0.2917049632352941,0.28791360294117646,0.2920496323529412,0.28768382352941174,0.2779756433823529,0.2818818933823529,0.2839499080882353,0.2844669117647059,0.27987132352941174,0.27987132352941174,0.28044577205882354,0.27688419117647056,0.2838924632352941,0.2726907169117647,0.27912454044117646,0.28303079044117646,0.2772863051470588,0.2766544117647059,0.2775735294117647,0.2727481617647059,0.2776884191176471,0.2754480698529412,0.2821691176470588,0.2727481617647059,0.2747587316176471,0.27355238970588236,0.27395450367647056,0.2724609375,0.2694738051470588,0.2728056066176471,0.2760225183823529,0.2705078125,0.2715418198529412,0.2711971507352941,0.27487362132352944,0.2705078125,0.26619944852941174,0.2678653492647059,0.2722311580882353,0.26775045955882354,0.26901424632352944,0.27389705882352944,0.2766544117647059,0.27694163602941174,0.2707375919117647,0.27717141544117646,0.26648667279411764,0.2783203125,0.2733800551470588,0.27355238970588236,0.27676930147058826,0.2715418198529412,0.26648667279411764,0.2659696691176471,0.26999080882352944,0.26378676470588236,0.26160386029411764,0.2733800551470588,0.2702205882352941,0.2705078125,0.26866957720588236,0.27188648897058826,0.2678079044117647,0.27004825367647056,0.2746438419117647,0.26171875,0.2747012867647059,0.2715418198529412,0.28239889705882354,0.279296875,0.2672909007352941,0.2744140625,0.26970358455882354,0.27969898897058826,0.26803768382352944,0.2656824448529412,0.26614200367647056,0.2639016544117647,0.25741038602941174,0.2705652573529412,0.27395450367647056,0.26154641544117646,0.2705078125,0.26056985294117646,0.2780905330882353,0.2656824448529412,0.2567784926470588,0.27791819852941174,0.2610868566176471,0.2776309742647059,0.26642922794117646,0.27918198529411764,0.2659122242647059]},"Energy":{"iters":[0,1,2,3,4,5,6,7,8,9,10,11,12,13,14,15,16,17,18,19,20,21,22,23,24,25,26,27,28,29,30,31,32,33,34,35,36,37,38,39,40,41,42,43,44,45,46,47,48,49,50,51,52,53,54,55,56,57,58,59,60,61,62,63,64,65,66,67,68,69,70,71,72,73,74,75,76,77,78,79,80,81,82,83,84,85,86,87,88,89,90,91,92,93,94,95,96,97,98,99,100,101,102,103,104,105,106,107,108,109,110,111,112,113,114,115,116,117,118,119,120,121,122,123,124,125,126,127,128,129,130,131,132,133,134,135],"Mean":{"real":[-4.818016297924824,-5.333926555306047,-6.313901532338829,-7.58860266614931,-8.251537517629929,-8.962483866748293,-9.506728059003178,-9.904677927430138,-10.241671709612582,-10.510612327062969,-10.669856767490604,-10.96413301374791,-11.02027459676459,-11.093787243690228,-11.224450647352162,-11.34068796517434,-11.31652670395589,-11.43854458233606,-11.384723987909624,-11.474271100437788,-11.448422411160928,-11.520537455694077,-11.512809382839688,-11.536034487514296,-11.546910343807607,-11.540869000443662,-11.575801634055829,-11.558383721754844,-11.585052541467242,-11.580622846715944,-11.602560651951457,-11.58232970999898,-11.60513420939054,-11.60099939289235,-11.618329326706636,-11.614581273677919,-11.602433910096208,-11.605277812181752,-11.619043999147191,-11.590974853091385,-11.554061622184756,-11.562778724379545,-11.561470921119984,-11.561408304454943,-11.548173121840815,-11.56575088050004,-11.569900972343847,-11.57016103856387,-11.53565580466731,-11.51809359339977,-11.514686916465923,-11.555003270882008,-11.507931245069082,-11.471784870660997,-11.502329251852926,-11.512723739832353,-11.489542759366582,-11.446487895824387,-11.440843267774788,-11.496584928271249,-11.340125954806256,-11.479390285102646,-11.511333506021657,-11.436685981386905,-11.454747812012075,-11.491419451609364,-11.405225773363656,-11.438667426996139,-11.365396289765348,-11.46939831001119,-11.391201868921133,-11.371610462523591,-11.409282254373274,-11.419353764831975,-11.401053839742625,-11.365776652834176,-11.248061815719367,-11.42386138352555,-11.371465770684164,-11.345326761656565,-11.238897790636642,-11.334874056630454,-11.430120074053228,-11.23925358905174,-11.195949809336941,-11.141580832117196,-11.03517543187409,-10.910283917978072,-11.12736460749849,-11.30269077195624,-11.191500662547309,-10.98455789218884,-11.30582233369365,-11.195544384679096,-11.19661335183158,-11.154857123700612,-10.9845199667945,-11.131907666498758,-10.391079529503763,-10.460990878221,-10.928230225946658,-10.601125398768819,-11.098811676931126,-10.935259552565556,-10.947770375543472,-11.027636376418792,-10.86298600401259,-10.941849683442468,-9.858091461336217,-10.953921395931697,-10.925178252921016,-10.923953428458063,-11.035324808245038,-10.353582689179937,-11.03902052711887,-10.648985494805332,-10.768453286005476,-10.557314038143629,-10.59571955190889,-10.974372644393554,-10.11194053484665,-10.045381992288446,-10.5936796401607,-10.750448135976665,-10.456151627046982,-10.169693432718656,-10.224042111240776,-10.8104652471503,-10.169805176491336,-9.84813674220055,-10.566202967936896,-10.196413387118492,-10.935011624821692,-10.352491882549767,-10.795000822636107,-10.52990656771231],"imag":[-0.00031408635822137887,0.0035043325359957085,-0.0019862912430777973,-0.001679458634602748,0.0038278194109727767,0.0004883755171190833,0.00033989678205719354,0.002198685726252508,0.004049770386470857,0.0014727923617140436,0.0038085466029840133,0.00016819527966428552,0.004073764503273137,-0.007991173293444497,-0.00003665308908640853,-0.0013904686604707046,0.0054432635870798034,0.0021415354588903033,0.005700489036418836,0.004891408891876488,-0.007856376830108178,0.003950057723834363,0.005019691016124853,-0.0006706115605233385,-0.0028014513061297088,0.000998850783530686,-0.021332528371155342,0.018080188380237425,0.005481590331483359,0.012252873173383434,-0.002935460804038649,0.008125716855891382,-0.005596404487541799,-0.00499113896158878,-0.01160303745041121,0.01611320196160709,-0.02013375641797187,0.014391324344454101,-0.051340176621895994,-0.026755710655489907,0.005402128755479729,-0.007310403361369832,-0.017193276425925726,0.009572369488948431,-0.00090513754546488,-0.004378308817084602,0.012401192572288928,-0.010003603067117152,-0.019482376326740658,0.01333669952274075,-0.0022756377439876003,0.005506429602028145,-0.01495225989656157,-0.003583698815989842,-0.002952548137848216,-0.006833845238426805,-0.004598082782691151,-0.023820875685534208,-0.0018488656584553515,-0.006832810060832362,-0.045986511593559064,-0.009646423780890277,-0.002271347788019898,-0.0016734148567262382,0.008581633660659421,0.03188502425076148,0.0029973525691223113,0.010111320338962346,0.011036295613875896,-0.02736916183289122,0.0041658292877484425,0.0051800138537948645,0.0018493195057020767,-0.004725232204912431,-0.029458456392453394,-0.0007458954802472926,0.019824083116520633,-0.008458335060012426,0.013311674823915527,0.006907540552999766,-0.0026566655702559452,-0.03980062128651494,0.013325167554684185,-0.015587548561849107,-0.0017130055364315624,-0.0069421857032178295,0.005417664523760673,0.02395072646830871,0.024254940599927343,-0.0013365042863738563,0.011412306923554579,-0.0027118730512807267,-0.02627929710176508,-0.007193110562137416,-0.016956364220407714,-0.018472030655257172,-0.005250682716067356,-0.038913466274198096,-0.0013491402855187586,-0.006236951871079028,0.018120279966055728,0.05250323990058348,-0.004928565621975884,0.003888253073867533,0.017510808182602915,-0.0006452135601376213,-0.016896958882395324,0.021020287335386533,0.003906817325478777,0.022181704104727043,-0.0070169354703438006,0.007413212924112791,-0.0038229311165738993,-0.004630161680930266,0.04941491986394325,0.008483136400325372,0.009381773910821784,-0.008101079449003255,0.0037302990631922065,0.008786015371845222,-0.015902650260220946,-0.025322671141509347,-0.005620220167015905,0.021561114044347324,-0.008952640836884056,-0.06867724944980544,0.009858476040632055,0.019226189972484473,0.0015336679654750936,-0.02747339876707667,-0.014996538869909886,0.05568196749606086,0.01075113398252902,-0.015267794997629614,0.00021971005521314913,0.02296359985744768]},"Variance":[43.99010306653944,39.724291943779015,38.525400885782524,32.36750898193174,28.859619434511856,24.05322879383976,22.818366207987356,19.970309529675827,17.798955901432567,16.448785609644823,15.977235420722701,15.05530953575285,13.861438006373005,14.298792466148681,13.893985195722834,12.968505105531257,12.670612276685146,13.226346133157785,12.82192147327112,12.252228745880988,12.190706599467282,12.533470730020301,12.959215398193583,12.546890945207002,12.857038740411635,12.53755972437404,12.991192503663182,12.185140490522924,12.510426127662956,12.656691856497645,12.489514459732384,12.500346417503748,12.797798248012672,12.845698191886886,12.924125732126614,13.154049090493261,13.254424399473972,13.153688615064054,17.159947259237896,13.886782722774846,12.958866174856894,12.995142183458109,13.073956530324006,13.139063601152863,13.581715350152262,14.769363691870014,13.589837365271475,13.731949953039175,14.76160344759857,13.58658929439245,13.383937947173127,14.013786747116843,13.80739907657222,13.802365387730287,13.609108241687982,13.813483087013736,13.427680230212793,14.028509375759947,15.044328918278627,14.250622656166692,28.9795279761906,13.797883028736463,14.642195779607238,14.181553264281247,14.121667990869899,14.885188319538532,14.666120796669716,14.502801762142495,15.840484062804808,15.03748507280429,16.33478020891616,16.174495436790345,14.945480634857049,14.130372836184906,16.4899134729966,15.042469908102023,17.50766160081333,15.293562707789748,15.074080934394006,16.20745663046933,19.36121214538829,17.126839242903895,19.42557021390755,18.761903037988066,19.26434841192376,20.085335720668205,24.179437281474428,27.551852429033705,21.51113933178723,15.534504399724305,20.719215830108862,24.957838147201375,20.315881683855544,18.200027107173195,19.396099197303243,18.797904788219828,23.84548787391555,22.170496470638234,41.5580723437271,38.956163515093785,26.361329391366063,34.206224950795104,21.59910345036892,23.74658895547565,23.730662875728754,21.482447124211824,27.563927986474003,23.956625798786963,53.68448285734002,24.249056322241575,25.878220812716332,23.886302214811035,21.692970658926132,39.65160974914713,22.875028180419584,30.86080962189204,32.75971376904812,35.35527327487166,32.81681655486975,25.889797316501163,46.516488319378496,48.33364693655704,31.348632187311157,27.544567535236233,35.24680645604178,44.963403077377386,43.06753071916701,26.118693210914593,46.7489208990854,53.906763089605626,32.935535838331695,51.86908019951625,23.332276471606633,38.35592398240201,28.039948526111235,35.95016200985399],"Sigma":[0.20890422509950354,0.1985170516240231,0.1954984494462689,0.17919437488384404,0.16920571750335525,0.154474367299623,0.15045686446114556,0.14075444934210438,0.13288225745621302,0.12774286552331582,0.12589849866063801,0.12221220459567764,0.117266476853464,0.11910209900022171,0.11740406923078624,0.11342654213999719,0.11211624263143505,0.11454857106093018,0.11278368761366699,0.11024966591876548,0.10997251911177156,0.11150784160811067,0.11338590954053727,0.11156752415305207,0.11293803057610118,0.11152602961693339,0.11352571427325683,0.10994741027560598,0.11140528278053811,0.11205463810627656,0.11131213468934818,0.11136039385235727,0.11267754177584588,0.11288821110389244,0.1132322979793361,0.11423507287820736,0.11467009442323531,0.11423350761040404,0.13047512100636233,0.11737363486525831,0.11338438177549852,0.113542970431388,0.1138867638075625,0.11416998431551102,0.11607723273098987,0.12104605123552074,0.11611193527439873,0.11671746323174242,0.12101424653602195,0.1160980586428017,0.11522897299478828,0.11790914390910406,0.11703767147469428,0.11701633563433776,0.11619423155268524,0.11706345402756081,0.11541711891871508,0.11797106424781395,0.12216762861912016,0.11890131402283095,0.16955686869723471,0.11699733339085938,0.12052380626496365,0.11861282078362045,0.11836211919691046,0.12151975931635195,0.1206222326628436,0.11994873972183136,0.12535854951028363,0.12213983769916702,0.12729940728906392,0.1266733058911279,0.12176561792716188,0.11839859382621361,0.12790246730945354,0.12216008033024404,0.1317904090044825,0.12317542460240148,0.12228836973082363,0.12680231079239448,0.13859131189052226,0.13034919235394327,0.13882146455693978,0.1364294654597133,0.13824419249234615,0.14115923028379584,0.15487910441886504,0.16532751414560493,0.14608359252071124,0.12414191347915568,0.14336937472568875,0.1573523436961396,0.1419670543740148,0.13437106253800493,0.13871611983503054,0.13656029828496416,0.15380584504548023,0.14830556344737272,0.20304739932524404,0.19658837100444246,0.16171614789944322,0.18421386205982204,0.14638197291474664,0.15348655955413662,0.15343508165174263,0.14598613465707944,0.16536374044284324,0.15416385389579146,0.2307778488786899,0.15510191325153688,0.16022745740931396,0.15393741711393416,0.1466997076518053,0.1983353585059349,0.15064355392023185,0.1749739482363042,0.18027677621014393,0.18728234264854832,0.18043382617965817,0.16026329191247804,0.21481924923212364,0.2189749907273538,0.17635144887172852,0.16530565585116905,0.18699483922522267,0.21120262941545354,0.2067020196316633,0.1609701897711342,0.21535528253875405,0.23125512240059354,0.18075990345416107,0.22684228184545616,0.1521417091865769,0.19506796735318588,0.1667855187121906,0.1888513787710962],"R_hat":[1.1063994051818662,1.0880878917972794,1.1195125642627535,1.1448588653825098,1.1690574670290999,1.1858076427162623,1.2159585817272758,1.2396527927399548,1.2573300752078864,1.277594794077744,1.3105155606729157,1.3218728025669948,1.3270851998284778,1.3377458224682395,1.3504495552536575,1.3560463805806413,1.3630454626147523,1.369441943313043,1.3747656813965659,1.3792268483978072,1.3814832681730649,1.385901753768795,1.3838363815980685,1.388011127121551,1.3883672879273368,1.3855509970041584,1.3850531648044297,1.3894537953030635,1.3947988845930368,1.3942001638857537,1.3957643784848053,1.397786312217704,1.3987163281492516,1.3863789080690518,1.3937379701939279,1.3922535913048777,1.374733038394415,1.390379071588633,1.3102829575840427,1.3844701228506204,1.4009179389108914,1.3982396952160665,1.3976482654914892,1.3946306140873639,1.3993746950744028,1.3666416825285816,1.39708464911718,1.3946066608551348,1.367251041541493,1.3950403646216372,1.39902453680776,1.3836149967964726,1.391698072881206,1.3939469833344378,1.4016012675580023,1.3919714055517955,1.3958656511132448,1.3873189267511996,1.3734788374417122,1.388121236448246,1.2123322184796406,1.3964685996071449,1.3877991339354583,1.3952014854502301,1.3946863842671078,1.3787507251777278,1.3798513625820414,1.3872736915731605,1.3806053312549875,1.3739470033602499,1.3519540688678846,1.3697450674806826,1.3850543152846047,1.3934676585456292,1.370954001135717,1.3853408810406076,1.362059313406739,1.3755439497438666,1.3833254149296932,1.3724557224718594,1.3585050319682022,1.3527975188885544,1.313400415005126,1.3567885758104705,1.3463452812955448,1.3492200263527856,1.3362183678809698,1.3481569905431043,1.3353555469509713,1.3892046414513504,1.3292095104226342,1.3539685872610354,1.324115185347806,1.36576444502935,1.354352448884412,1.3573242469987021,1.3289529213768558,1.3308955491477932,1.3124703639538484,1.3470976573819267,1.3233401803421254,1.320728294216259,1.3399332488886768,1.3345769679467674,1.3380561516824503,1.345030128746363,1.332832144967172,1.3359568559842794,1.3555855876461809,1.3341822851328353,1.312920314385482,1.3366695151359858,1.3485744450168686,1.333041474865523,1.3315095302256268,1.3340699594974128,1.2894411756656121,1.3409922545972006,1.3269277516456635,1.3259586409591142,1.3584705370070371,1.3211920415806082,1.3350143019672682,1.3132964460461978,1.329330927488973,1.3162383461270446,1.3325720566029462,1.329749968368959,1.32600379621928,1.345473527037006,1.323051503262793,1.278177874967008,1.3356847292058285,1.328460256919989,1.329256031522152,1.359456758300251],"TauCorr":[1.1102230246251565e-16,1.1102230246251565e-16,0.0,0.0,2.220446049250313e-16,4.440892098500626e-16,2.220446049250313e-16,0.0,0.0,0.0,0.0,3.3306690738754696e-16,0.0,1.1102230246251565e-16,0.0,0.0,0.0,0.0,0.0,3.3306690738754696e-16,0.0,0.0,0.0,0.0,0.0,1.1102230246251565e-16,0.0,1.1102230246251565e-16,0.0,0.0,1.1102230246251565e-16,0.0,1.1102230246251565e-16,0.0,0.0,0.0,0.0,0.0,0.0,1.1102230246251565e-16,1.1102230246251565e-16,2.220446049250313e-16,0.0,1.1102230246251565e-16,0.0,0.0,4.440892098500626e-16,0.0,0.0,0.0,0.0,0.0,0.0,1.1102230246251565e-16,1.1102230246251565e-16,3.3306690738754696e-16,0.0,0.0,0.0,3.3306690738754696e-16,0.0,5.551115123125783e-16,2.220446049250313e-16,0.0,3.3306690738754696e-16,2.220446049250313e-16,3.3306690738754696e-16,0.0,1.1102230246251565e-16,0.0,0.0,4.440892098500626e-16,0.0,0.0,0.0,0.0,1.1102230246251565e-16,0.0,0.0,0.0,3.3306690738754696e-16,3.3306690738754696e-16,1.1102230246251565e-16,5.551115123125783e-16,0.0,2.220446049250313e-16,0.0,2.220446049250313e-16,5.551115123125783e-16,0.0,0.0,2.220446049250313e-16,2.220446049250313e-16,0.0,2.220446049250313e-16,0.0,0.0,1.1102230246251565e-16,0.0,0.0,2.220446049250313e-16,0.0,3.3306690738754696e-16,0.0,0.0,6.661338147750939e-16,2.220446049250313e-16,0.0,2.220446049250313e-16,0.0,2.220446049250313e-16,0.0,2.220446049250313e-16,2.220446049250313e-16,0.0,3.3306690738754696e-16,0.0,4.440892098500626e-16,0.0,0.0,0.0,0.0,0.0,0.0,4.440892098500626e-16,3.3306690738754696e-16,0.0,1.1102230246251565e-16,0.0,0.0,0.0,0.0,2.220446049250313e-16,2.220446049250313e-16,0.0,2.220446049250313e-16]}}